Archive member included to satisfy reference by file (symbol)

arch/arm/lib/lib.a(lib1funcs.o)
                              disk/built-in.o (__aeabi_uidiv)
arch/arm/lib/lib.a(div0.o)    arch/arm/lib/lib.a(lib1funcs.o) (__div0)

Discarded input sections

 .data          0x0000000000000000        0x0 arch/arm/cpu/armv7/start.o
 .bss           0x0000000000000000        0x0 arch/arm/cpu/armv7/start.o
 .text.mmu_page_table_flush
                0x0000000000000000       0x24 arch/arm/cpu/armv7/built-in.o
 .text.v7_outer_cache_inval_range
                0x0000000000000000        0x4 arch/arm/cpu/armv7/built-in.o
 .text.invalidate_dcache_range
                0x0000000000000000       0x64 arch/arm/cpu/armv7/built-in.o
 .text.v7_arch_cp15_set_l2aux_ctrl
                0x0000000000000000        0x8 arch/arm/cpu/armv7/built-in.o
 .text.v7_arch_cp15_set_acr
                0x0000000000000000        0x8 arch/arm/cpu/armv7/built-in.o
 .text.sdelay   0x0000000000000000        0xc arch/arm/cpu/armv7/built-in.o
 .text.wait_on_value
                0x0000000000000000       0x38 arch/arm/cpu/armv7/built-in.o
 .text.s_init   0x0000000000000000        0x4 arch/arm/cpu/armv7/built-in.o
 .text.lowlevel_init
                0x0000000000000000       0x24 arch/arm/cpu/armv7/built-in.o
 .data          0x0000000000000000        0x0 arch/arm/cpu/armv7/built-in.o
 .bss           0x0000000000000000        0x0 arch/arm/cpu/armv7/built-in.o
 .text.armv7_boot_nonsec_default
                0x0000000000000000        0x8 arch/arm/lib/built-in.o
 .text.invalidate_dcache_range
                0x0000000000000000        0x4 arch/arm/lib/built-in.o
 .text.flush_dcache_range
                0x0000000000000000        0x4 arch/arm/lib/built-in.o
 .text.flush_dcache_all
                0x0000000000000000        0xc arch/arm/lib/built-in.o
 .text.arm_init_before_mmu
                0x0000000000000000        0x4 arch/arm/lib/built-in.o
 .text.mmu_page_table_flush
                0x0000000000000000        0x4 arch/arm/lib/built-in.o
 .text.mmu_set_region_dcache_behaviour
                0x0000000000000000       0x58 arch/arm/lib/built-in.o
 .text.icache_status
                0x0000000000000000        0xc arch/arm/lib/built-in.o
 .text.fdt_psci
                0x0000000000000000        0x8 arch/arm/lib/built-in.o
 .data          0x0000000000000000        0x0 arch/arm/lib/built-in.o
 .__secure_end  0x0000000000000000        0x0 arch/arm/lib/built-in.o
 .__secure_stack_end
                0x0000000000000000        0x0 arch/arm/lib/built-in.o
 .__secure_stack_start
                0x0000000000000000        0x0 arch/arm/lib/built-in.o
 .__secure_start
                0x0000000000000000        0x0 arch/arm/lib/built-in.o
 .bss           0x0000000000000000        0x0 arch/arm/lib/built-in.o
 .text          0x0000000000000000        0x0 board/armltd/vexpress/built-in.o
 .data          0x0000000000000000        0x0 board/armltd/vexpress/built-in.o
 .bss           0x0000000000000000        0x0 board/armltd/vexpress/built-in.o
 .text          0x0000000000000000        0x0 cmd/built-in.o
 .text.blk_common_cmd
                0x0000000000000000      0x310 cmd/built-in.o
 .text.allow_unaligned
                0x0000000000000000        0x4 cmd/built-in.o
 .text.bootz_setup
                0x0000000000000000       0x18 cmd/built-in.o
 .rodata.blk_common_cmd.str1.1
                0x0000000000000000      0x101 cmd/built-in.o
 .rodata.bootz_setup.str1.1
                0x0000000000000000       0x34 cmd/built-in.o
 .data          0x0000000000000000        0x0 cmd/built-in.o
 .bss           0x0000000000000000        0x0 cmd/built-in.o
 .text          0x0000000000000000        0x0 common/built-in.o
 .text.hash_finish_crc32
                0x0000000000000000       0x30 common/built-in.o
 .text.hash_update_crc32
                0x0000000000000000       0x24 common/built-in.o
 .text.hash_init_crc32
                0x0000000000000000       0x24 common/built-in.o
 .text.hash_lookup_algo
                0x0000000000000000       0x28 common/built-in.o
 .text.hash_progressive_lookup_algo
                0x0000000000000000       0x3c common/built-in.o
 .text.hash_parse_string
                0x0000000000000000       0x68 common/built-in.o
 .text.hash_block
                0x0000000000000000       0x6c common/built-in.o
 .text.unset_local_var
                0x0000000000000000       0x9c common/built-in.o
 .text.dram_init_banksize
                0x0000000000000000       0x24 common/built-in.o
 .text.red_led_off
                0x0000000000000000        0x4 common/built-in.o
 .text.green_led_on
                0x0000000000000000        0x4 common/built-in.o
 .text.green_led_off
                0x0000000000000000        0x4 common/built-in.o
 .text.yellow_led_on
                0x0000000000000000        0x4 common/built-in.o
 .text.yellow_led_off
                0x0000000000000000        0x4 common/built-in.o
 .text.blue_led_on
[...]
Memory Configuration

Name             Origin             Length             Attributes
*default*        0x0000000000000000 0xffffffffffffffff

Linker script and memory map

Address of section .text set to 0x60800000
                0x0000000000000000                . = 0x0
                0x0000000000000000                . = ALIGN (0x4)

.text           0x0000000060800000      0x398
 *(.__image_copy_start)
 .__image_copy_start
                0x0000000060800000        0x0 arch/arm/lib/built-in.o
                0x0000000060800000                __image_copy_start
 *(.vectors)
 .vectors       0x0000000060800000      0x2e8 arch/arm/lib/built-in.o
                0x0000000060800000                _start
                0x0000000060800020                _undefined_instruction
                0x0000000060800024                _software_interrupt
                0x0000000060800028                _prefetch_abort
                0x000000006080002c                _data_abort
                0x0000000060800030                _not_used
                0x0000000060800034                _irq
                0x0000000060800038                _fiq
                0x0000000060800040                IRQ_STACK_START_IN
 arch/arm/cpu/armv7/start.o(.text*)
 .text          0x00000000608002e8       0xb0 arch/arm/cpu/armv7/start.o
                0x00000000608002e8                reset
                0x00000000608002ec                save_boot_params_ret
                0x0000000060800328                c_runtime_cpu_setup
                0x0000000060800338                save_boot_params
                0x000000006080033c                cpu_init_cp15
                0x0000000060800390                cpu_init_crit

.glue_7         0x0000000060800398        0x0
 .glue_7        0x0000000060800398        0x0 linker stubs

.glue_7t        0x0000000060800398        0x0
 .glue_7t       0x0000000060800398        0x0 linker stubs

.vfp11_veneer   0x0000000060800398        0x0
 .vfp11_veneer  0x0000000060800398        0x0 linker stubs

.v4_bx          0x0000000060800398        0x0
 .v4_bx         0x0000000060800398        0x0 linker stubs

.iplt           0x0000000060800398        0x0
 .iplt          0x0000000060800398        0x0 arch/arm/cpu/armv7/start.o

.__efi_runtime_start
                0x0000000060800398        0x0
 *(.__efi_runtime_start)
 .__efi_runtime_start
                0x0000000060800398        0x0 arch/arm/lib/built-in.o

.efi_runtime    0x0000000060800398      0x7a0
 *(.text.efi_runtime*)
 .text.efi_runtime
                0x0000000060800398      0x148 lib/built-in.o
                0x0000000060800398                efi_reset_system
                0x000000006080039c                efi_get_time
                0x00000000608003bc                efi_update_capsule
                0x00000000608003c4                efi_query_capsule_caps
                0x00000000608003cc                efi_query_variable_info
                0x00000000608003d4                efi_update_table_header_crc32
                0x00000000608003f8                crc32_no_comp
                0x00000000608004cc                crc32
 .text.efi_runtime_relocate
                0x00000000608004e0      0x118 lib/built-in.o
                0x00000000608004e0                efi_runtime_relocate
 *(.rodata.efi_runtime*)
 .rodata.efi_runtime_detach_list
                0x00000000608005f8       0x50 lib/built-in.o
 .rodata.efi_runtime_relocate.str1.1
                0x0000000060800648       0x34 lib/built-in.o
 *(.data.efi_runtime*)
 *fill*         0x000000006080067c        0x4 
 .data.efi_runtime
                0x0000000060800680      0x4b0 lib/built-in.o
                0x0000000060800680                systab
                0x00000000608006e0                efi_runtime_services
 .data.efi_runtime_mmio
                0x0000000060800b30        0x8 lib/built-in.o
                0x0000000060800b30                efi_runtime_mmio

.__efi_runtime_stop
                0x0000000060800b38        0x0
 *(.__efi_runtime_stop)
 .__efi_runtime_stop
                0x0000000060800b38        0x0 arch/arm/lib/built-in.o

.text_rest      0x0000000060800b40    0x32c8c
 *(.text*)
 .text          0x0000000060800b40      0x158 arch/arm/cpu/armv7/built-in.o
                0x0000000060800b40                __v7_flush_dcache_all
                0x0000000060800bd4                v7_flush_dcache_all
                0x0000000060800be4                __v7_invalidate_dcache_all
                0x0000000060800c78                v7_invalidate_dcache_all
                0x0000000060800c88                allow_unaligned
 .text.invalidate_icache_all
                0x0000000060800c98       0x18 arch/arm/cpu/armv7/built-in.o
                0x0000000060800c98                invalidate_icache_all
 .text.v7_outer_cache_enable
                0x0000000060800cb0        0x4 arch/arm/cpu/armv7/built-in.o
                0x0000000060800cb0                v7_outer_cache_enable
 .text.v7_outer_cache_disable
                0x0000000060800cb4        0x4 arch/arm/cpu/armv7/built-in.o
                0x0000000060800cb4                v7_outer_cache_disable
 .text.v7_outer_cache_flush_all
                0x0000000060800cb8        0x4 arch/arm/cpu/armv7/built-in.o
                0x0000000060800cb8                v7_outer_cache_flush_all
 .text.flush_dcache_all
                0x0000000060800cbc       0x10 arch/arm/cpu/armv7/built-in.o
                0x0000000060800cbc                flush_dcache_all
 .text.v7_outer_cache_inval_all
                0x0000000060800ccc        0x4 arch/arm/cpu/armv7/built-in.o
                0x0000000060800ccc                v7_outer_cache_inval_all
 .text.invalidate_dcache_all
                0x0000000060800cd0       0x10 arch/arm/cpu/armv7/built-in.o
                0x0000000060800cd0                invalidate_dcache_all
 .text.arm_init_before_mmu
                0x0000000060800ce0       0x28 arch/arm/cpu/armv7/built-in.o
                0x0000000060800ce0                arm_init_before_mmu
 .text.v7_outer_cache_flush_range
                0x0000000060800d08        0x4 arch/arm/cpu/armv7/built-in.o
                0x0000000060800d08                v7_outer_cache_flush_range
 .text.flush_dcache_range
                0x0000000060800d0c       0x54 arch/arm/cpu/armv7/built-in.o
                0x0000000060800d0c                flush_dcache_range
 .text.cpu_cache_initialization
                0x0000000060800d60        0x4 arch/arm/cpu/armv7/built-in.o
                0x0000000060800d60                cpu_cache_initialization
 .text.cleanup_before_linux_select
                0x0000000060800d64       0x4c arch/arm/cpu/armv7/built-in.o
                0x0000000060800d64                cleanup_before_linux_select
 .text.cleanup_before_linux
                0x0000000060800db0        0x8 arch/arm/cpu/armv7/built-in.o
                0x0000000060800db0                cleanup_before_linux
 *fill*         0x0000000060800db8        0x8 
 .text          0x0000000060800dc0      0x528 arch/arm/lib/built-in.o
                0x0000000060800dc0                _main
                0x0000000060800e60                memset
                0x0000000060800f3c                memcpy
 .text.setjmp   0x00000000608012e8       0x10 arch/arm/lib/built-in.o
                0x00000000608012e8                setjmp
 .text.longjmp  0x00000000608012f8       0x1c arch/arm/lib/built-in.o
                0x00000000608012f8                longjmp
 .text.relocate_vectors
                0x0000000060801314       0x70 arch/arm/lib/built-in.o
                0x0000000060801314                relocate_vectors
                0x0000000060801320                relocate_code
 .text.arch_fixup_fdt
                0x0000000060801384       0x50 arch/arm/lib/built-in.o
                0x0000000060801384                arch_fixup_fdt
 .text.arch_lmb_reserve
                0x00000000608013d4       0x6c arch/arm/lib/built-in.o
                0x00000000608013d4                arch_lmb_reserve
 .text.board_quiesce_devices
                0x0000000060801440        0x4 arch/arm/lib/built-in.o
                0x0000000060801440                board_quiesce_devices
 .text.boot_jump_linux
                0x0000000060801444       0xc8 arch/arm/lib/built-in.o
 .text.setup_board_tags
                0x000000006080150c        0x4 arch/arm/lib/built-in.o
                0x000000006080150c                setup_board_tags
 .text.boot_prep_linux
                0x0000000060801510      0x1d0 arch/arm/lib/built-in.o
 .text.do_bootm_linux
                0x00000000608016e0       0x58 arch/arm/lib/built-in.o
                0x00000000608016e0                do_bootm_linux
 .text.boot_prep_vxworks
                0x0000000060801738       0x50 arch/arm/lib/built-in.o
                0x0000000060801738                boot_prep_vxworks
 .text.boot_jump_vxworks
                0x0000000060801788        0xc arch/arm/lib/built-in.o
                0x0000000060801788                boot_jump_vxworks
 .text.bootz_setup
                0x0000000060801794       0xa0 arch/arm/lib/built-in.o
                0x0000000060801794                bootz_setup
 .text.arch_reserve_stacks
                0x0000000060801834       0x1c arch/arm/lib/built-in.o
                0x0000000060801834                arch_reserve_stacks
 .text.interrupt_init
                0x0000000060801850       0x1c arch/arm/lib/built-in.o
                0x0000000060801850                interrupt_init
 .text.enable_interrupts
                0x000000006080186c        0x4 arch/arm/lib/built-in.o
                0x000000006080186c                enable_interrupts
 .text.disable_interrupts
                0x0000000060801870        0x8 arch/arm/lib/built-in.o
                0x0000000060801870                disable_interrupts
 .text.bad_mode
                0x0000000060801878       0x10 arch/arm/lib/built-in.o
                0x0000000060801878                bad_mode
 .text.show_regs
                0x0000000060801888      0x1cc arch/arm/lib/built-in.o
                0x0000000060801888                show_regs
 .text.do_undefined_instruction
                0x0000000060801a54       0x38 arch/arm/lib/built-in.o
                0x0000000060801a54                do_undefined_instruction
 .text.do_software_interrupt
                0x0000000060801a8c       0x38 arch/arm/lib/built-in.o
                0x0000000060801a8c                do_software_interrupt
 .text.do_prefetch_abort
                0x0000000060801ac4       0x38 arch/arm/lib/built-in.o
                0x0000000060801ac4                do_prefetch_abort
 .text.do_data_abort
                0x0000000060801afc       0x38 arch/arm/lib/built-in.o
                0x0000000060801afc                do_data_abort
 .text.do_not_used
                0x0000000060801b34       0x38 arch/arm/lib/built-in.o
                0x0000000060801b34                do_not_used
 .text.do_fiq   0x0000000060801b6c       0x38 arch/arm/lib/built-in.o
                0x0000000060801b6c                do_fiq
 .text.do_irq   0x0000000060801ba4       0x38 arch/arm/lib/built-in.o
                0x0000000060801ba4                do_irq
 .text.reset_misc
                0x0000000060801bdc        0x4 arch/arm/lib/built-in.o
                0x0000000060801bdc                reset_misc
 .text.do_reset
                0x0000000060801be0       0x30 arch/arm/lib/built-in.o
                0x0000000060801be0                do_reset
 .text.enable_caches
                0x0000000060801c10        0xc arch/arm/lib/built-in.o
                0x0000000060801c10                enable_caches
 .text.flush_cache
                0x0000000060801c1c        0x8 arch/arm/lib/built-in.o
                0x0000000060801c1c                flush_cache
 .text.check_cache_range
                0x0000000060801c24       0x34 arch/arm/lib/built-in.o
                0x0000000060801c24                check_cache_range
 .text.arm_init_domains
                0x0000000060801c58        0x4 arch/arm/lib/built-in.o
                0x0000000060801c58                arm_init_domains
 .text.set_section_dcache
                0x0000000060801c5c       0x14 arch/arm/lib/built-in.o
                0x0000000060801c5c                set_section_dcache
 .text.dram_bank_mmu_setup
                0x0000000060801c70       0x40 arch/arm/lib/built-in.o
                0x0000000060801c70                dram_bank_mmu_setup
 .text.icache_enable
                0x0000000060801cb0       0x14 arch/arm/lib/built-in.o
                0x0000000060801cb0                icache_enable
 .text.icache_disable
                0x0000000060801cc4       0x18 arch/arm/lib/built-in.o
                0x0000000060801cc4                icache_disable
 .text.dcache_enable
                0x0000000060801cdc       0x88 arch/arm/lib/built-in.o
                0x0000000060801cdc                dcache_enable
 .text.dcache_disable
                0x0000000060801d64       0x28 arch/arm/lib/built-in.o
                0x0000000060801d64                dcache_disable
 .text.dcache_status
                0x0000000060801d8c        0xc arch/arm/lib/built-in.o
                0x0000000060801d8c                dcache_status
 .text.board_init
                0x0000000060801d98       0x90 board/armltd/vexpress/built-in.o
                0x0000000060801d98                board_init
 .text.board_eth_init
                0x0000000060801e28        0xc board/armltd/vexpress/built-in.o
                0x0000000060801e28                board_eth_init
 .text.cpu_mmc_init
                0x0000000060801e34       0x9c board/armltd/vexpress/built-in.o
                0x0000000060801e34                cpu_mmc_init
 .text.dram_init
                0x0000000060801ed0       0x1c board/armltd/vexpress/built-in.o
                0x0000000060801ed0                dram_init
 .text.dram_init_banksize
                0x0000000060801eec       0x44 board/armltd/vexpress/built-in.o
                0x0000000060801eec                dram_init_banksize
 .text.v2m_cfg_write
                0x0000000060801f30       0x44 board/armltd/vexpress/built-in.o
                0x0000000060801f30                v2m_cfg_write
 .text.reset_cpu
                0x0000000060801f74       0x28 board/armltd/vexpress/built-in.o
                0x0000000060801f74                reset_cpu
 .text.lowlevel_init
                0x0000000060801f9c        0x4 board/armltd/vexpress/built-in.o
                0x0000000060801f9c                lowlevel_init
 .text.get_board_rev
                0x0000000060801fa0       0x10 board/armltd/vexpress/built-in.o
                0x0000000060801fa0                get_board_rev
 .text.do_go_exec
                0x0000000060801fb0       0x10 cmd/built-in.o
                0x0000000060801fb0                do_go_exec
 .text.do_go    0x0000000060801fc0       0x6c cmd/built-in.o
 .text.do_bootm
                0x000000006080202c      0x108 cmd/built-in.o
                0x000000006080202c                do_bootm
 .text.image_info
                0x0000000060802134       0xcc cmd/built-in.o
 .text.do_iminfo
                0x0000000060802200       0x54 cmd/built-in.o
 .text.bootm_maybe_autostart
                0x0000000060802254       0x78 cmd/built-in.o
                0x0000000060802254                bootm_maybe_autostart
 .text.do_help  0x00000000608022cc       0x44 cmd/built-in.o
 .text.do_version
                0x0000000060802310       0x40 cmd/built-in.o
 .text.source   0x0000000060802350       0xd8 cmd/built-in.o
                0x0000000060802350                source
 .text.do_source
                0x0000000060802428       0x48 cmd/built-in.o
 .text.print_num
                0x0000000060802470       0x14 cmd/built-in.o
 .text.do_bdinfo
                0x0000000060802484      0x1dc cmd/built-in.o
 .text.efi_install_fdt
                0x0000000060802660      0x264 cmd/built-in.o
 .text.do_bootefi_exec
                0x00000000608028c4      0x290 cmd/built-in.o
 .text.efi_init_obj_list
                0x0000000060802b54       0x7c cmd/built-in.o
                0x0000000060802b54                efi_init_obj_list
 .text.do_bootefi
                0x0000000060802bd0      0x168 cmd/built-in.o
 .text.efi_set_bootdev
                0x0000000060802d38       0xf4 cmd/built-in.o
                0x0000000060802d38                efi_set_bootdev
 .text.do_bootz
                0x0000000060802e2c       0xfc cmd/built-in.o
                0x0000000060802e2c                do_bootz
 .text.do_echo  0x0000000060802f28       0xb4 cmd/built-in.o
 .text.load_elf_image_phdr
                0x0000000060802fdc      0x134 cmd/built-in.o
 .text.valid_elf_image
                0x0000000060803110       0x4c cmd/built-in.o
                0x0000000060803110                valid_elf_image
 .text.do_bootelf
                0x000000006080315c      0x2a4 cmd/built-in.o
                0x000000006080315c                do_bootelf
 .text.do_bootvx
                0x0000000060803400      0x314 cmd/built-in.o
                0x0000000060803400                do_bootvx
 .text.do_exit  0x0000000060803714       0x48 cmd/built-in.o
 .text.do_ext4_size
                0x000000006080375c       0x18 cmd/built-in.o
                0x000000006080375c                do_ext4_size
 .text.do_ext4_load
                0x0000000060803774       0x18 cmd/built-in.o
                0x0000000060803774                do_ext4_load
 .text.do_ext4_ls
                0x000000006080378c       0x18 cmd/built-in.o
                0x000000006080378c                do_ext4_ls
 .text.do_ext2load
                0x00000000608037a4       0x18 cmd/built-in.o
                0x00000000608037a4                do_ext2load
 .text.do_ext2ls
                0x00000000608037bc       0x18 cmd/built-in.o
 .text.do_fat_size
                0x00000000608037d4       0x18 cmd/built-in.o
                0x00000000608037d4                do_fat_size
 .text.do_fat_fsload
                0x00000000608037ec       0x18 cmd/built-in.o
                0x00000000608037ec                do_fat_fsload
 .text.do_fat_ls
                0x0000000060803804       0x18 cmd/built-in.o
 .text.do_fat_fsinfo
                0x000000006080381c       0x8c cmd/built-in.o
 .text.fdt_valid
                0x00000000608038a8       0xbc cmd/built-in.o
 .text.is_printable_string
                0x0000000060803964       0x88 cmd/built-in.o
 .text.print_data
                0x00000000608039ec      0x170 cmd/built-in.o
 .text.set_working_fdt_addr
                0x0000000060803b5c       0x1c cmd/built-in.o
                0x0000000060803b5c                set_working_fdt_addr
 .text.do_fdt   0x0000000060803b78      0xebc cmd/built-in.o
 .text.flash_fill_sect_ranges
                0x0000000060804a34      0x190 cmd/built-in.o
 .text.abbrev_spec
                0x0000000060804bc4      0x158 cmd/built-in.o
 .text.do_flinfo
                0x0000000060804d1c       0x98 cmd/built-in.o
 .text.flash_sect_roundb
                0x0000000060804db4       0xd4 cmd/built-in.o
                0x0000000060804db4                flash_sect_roundb
 .text.addr_spec
                0x0000000060804e88       0xbc cmd/built-in.o
 .text.flash_sect_erase
                0x0000000060804f44       0xd4 cmd/built-in.o
                0x0000000060804f44                flash_sect_erase
 .text.do_flerase
                0x0000000060805018      0x1dc cmd/built-in.o
 .text.flash_sect_protect
                0x00000000608051f4      0x140 cmd/built-in.o
                0x00000000608051f4                flash_sect_protect
 .text.do_protect
                0x0000000060805334      0x330 cmd/built-in.o
 .text.do_size_wrapper
                0x0000000060805664       0x18 cmd/built-in.o
 .text.do_load_wrapper
                0x000000006080567c       0x64 cmd/built-in.o
 .text.do_save_wrapper
                0x00000000608056e0       0x18 cmd/built-in.o
 .text.do_ls_wrapper
                0x00000000608056f8       0x18 cmd/built-in.o
 .text.do_fstype_wrapper
                0x0000000060805710        0x4 cmd/built-in.o
 .text.do_mem_mw
                0x0000000060805714       0xc0 cmd/built-in.o
 .text.do_mem_loop
                0x00000000608057d4       0xec cmd/built-in.o
 .text.do_mem_md
                0x00000000608058c0       0xe8 cmd/built-in.o
 .text.do_mem_cmp
                0x00000000608059a8      0x154 cmd/built-in.o
 .text.do_mem_base
                0x0000000060805afc       0x40 cmd/built-in.o
 .text.do_mem_cp
                0x0000000060805b3c       0xfc cmd/built-in.o
 .text.do_mem_crc
                0x0000000060805c38       0x48 cmd/built-in.o
 .text.mod_mem.isra.0
                0x0000000060805c80      0x170 cmd/built-in.o
 .text.do_mem_mm
                0x0000000060805df0        0x8 cmd/built-in.o
 .text.do_mem_nm
                0x0000000060805df8        0x8 cmd/built-in.o
 .text.extract_range
                0x0000000060805e00       0x54 cmd/built-in.o
 .text.do_mii   0x0000000060805e54      0x8f8 cmd/built-in.o
 .text.do_mmcops
                0x000000006080674c       0xb8 cmd/built-in.o
 .text.init_mmc_device
                0x0000000060806804       0x50 cmd/built-in.o
 .text.do_mmc_rescan
                0x0000000060806854       0x24 cmd/built-in.o
 .text.do_mmc_hwpartition
                0x0000000060806878      0x50c cmd/built-in.o
 .text.do_mmc_list
                0x0000000060806d84       0x14 cmd/built-in.o
 .text.do_mmc_dev
                0x0000000060806d98      0x134 cmd/built-in.o
 .text.do_mmc_read
                0x0000000060806ecc       0xe4 cmd/built-in.o
 .text.do_mmc_erase
                0x0000000060806fb0       0xec cmd/built-in.o
 .text.do_mmc_write
                0x000000006080709c      0x104 cmd/built-in.o
 .text.do_mmcinfo
                0x00000000608071a0      0x3a4 cmd/built-in.o
 .text.do_mmc_setdsr
                0x0000000060807544       0xa8 cmd/built-in.o
 .text.do_mmc_part
                0x00000000608075ec       0x60 cmd/built-in.o
 .text.netboot_common
                0x000000006080764c      0x2bc cmd/built-in.o
 .text.do_bootp
                0x0000000060807908        0xc cmd/built-in.o
 .text.do_dhcp  0x0000000060807914        0xc cmd/built-in.o
 .text.do_tftpb
                0x0000000060807920       0x40 cmd/built-in.o
                0x0000000060807920                do_tftpb
 .text.do_ping  0x0000000060807960       0x78 cmd/built-in.o
 .text.do_part_list
                0x00000000608079d8      0x178 cmd/built-in.o
 .text.do_part_info
                0x0000000060807b50       0xf0 cmd/built-in.o
 .text.do_part  0x0000000060807c40      0x110 cmd/built-in.o
 .text.eol_or_eof
                0x0000000060807d50       0x20 cmd/built-in.o
 .text.do_pxe   0x0000000060807d70       0x7c cmd/built-in.o
 .text.label_print
                0x0000000060807dec       0x1c cmd/built-in.o
 .text.do_get_tftp
                0x0000000060807e08       0x44 cmd/built-in.o
 .text.from_env
                0x0000000060807e4c       0x2c cmd/built-in.o
 .text.get_string
                0x0000000060807e78       0xcc cmd/built-in.o
 .text.label_destroy
                0x0000000060807f44       0x74 cmd/built-in.o
 .text.destroy_pxe_menu
                0x0000000060807fb8       0x5c cmd/built-in.o
 .text.get_token
                0x0000000060808014      0x114 cmd/built-in.o
 .text.parse_sliteral
                0x0000000060808128       0x54 cmd/built-in.o
 .text.parse_integer
                0x000000006080817c       0x70 cmd/built-in.o
 .text.do_get_any
                0x00000000608081ec       0x44 cmd/built-in.o
 .text.do_get_fat
                0x0000000060808230       0x3c cmd/built-in.o
 .text.do_get_ext2
                0x000000006080826c       0x3c cmd/built-in.o
 .text.format_mac_pxe.constprop.6
                0x00000000608082a8       0x74 cmd/built-in.o
 .text.get_relfile
                0x000000006080831c      0x138 cmd/built-in.o
 .text.get_pxe_file
                0x0000000060808454       0x58 cmd/built-in.o
 .text.handle_include
                0x00000000608084ac       0xa4 cmd/built-in.o
 .text.parse_pxefile_top
                0x0000000060808550      0x458 cmd/built-in.o
 .text.parse_pxefile
                0x00000000608089a8       0x70 cmd/built-in.o
 .text.get_pxelinux_path
                0x0000000060808a18       0x7c cmd/built-in.o
 .text.do_pxe_get
                0x0000000060808a94      0x160 cmd/built-in.o
 .text.get_relfile_envaddr
                0x0000000060808bf4       0x50 cmd/built-in.o
 .text.label_boot
                0x0000000060808c44      0x59c cmd/built-in.o
 .text.handle_pxe_menu
                0x00000000608091e0      0x174 cmd/built-in.o
 .text.do_pxe_boot
                0x0000000060809354       0xe0 cmd/built-in.o
 .text.do_sysboot
                0x0000000060809434      0x1e8 cmd/built-in.o
 .text.do_false
                0x000000006080961c        0x8 cmd/built-in.o
 .text.do_true  0x0000000060809624        0x8 cmd/built-in.o
 .text.do_test  0x000000006080962c      0x328 cmd/built-in.o
 .text.do_env_delete
                0x0000000060809954       0xa0 cmd/built-in.o
 .text.do_env_exists
                0x00000000608099f4       0x64 cmd/built-in.o
 .text.do_env_save
                0x0000000060809a58       0x14 cmd/built-in.o
 .text.do_env   0x0000000060809a6c       0x68 cmd/built-in.o
 .text.env_print
                0x0000000060809ad4       0xc4 cmd/built-in.o
 .text.do_env_print
                0x0000000060809b98       0xc4 cmd/built-in.o
 .text.do_env_import
                0x0000000060809c5c      0x2c8 cmd/built-in.o
 .text.do_env_default
                0x0000000060809f24       0xb4 cmd/built-in.o
 .text._do_env_set.isra.0
                0x0000000060809fd8      0x1b4 cmd/built-in.o
 .text.do_env_set
                0x000000006080a18c       0x20 cmd/built-in.o
 .text.get_env_id
                0x000000006080a1ac       0x10 cmd/built-in.o
                0x000000006080a1ac                get_env_id
 .text.env_set  0x000000006080a1bc       0x60 cmd/built-in.o
                0x000000006080a1bc                env_set
 .text.env_set_ulong
                0x000000006080a21c       0x20 cmd/built-in.o
                0x000000006080a21c                env_set_ulong
 .text.env_set_hex
                0x000000006080a23c       0x34 cmd/built-in.o
                0x000000006080a23c                env_set_hex
 .text.do_env_export
                0x000000006080a270      0x224 cmd/built-in.o
 .text.eth_parse_enetaddr
                0x000000006080a494       0x5c cmd/built-in.o
                0x000000006080a494                eth_parse_enetaddr
 .text.envmatch
                0x000000006080a4f0       0x6c cmd/built-in.o
                0x000000006080a4f0                envmatch
 .text.env_get_f
                0x000000006080a55c       0xe4 cmd/built-in.o
                0x000000006080a55c                env_get_f
 .text.env_get  0x000000006080a640       0x78 cmd/built-in.o
                0x000000006080a640                env_get
 .text.env_get_hex
                0x000000006080a6b8       0x3c cmd/built-in.o
                0x000000006080a6b8                env_get_hex
 .text.eth_env_get_enetaddr
                0x000000006080a6f4       0x5c cmd/built-in.o
                0x000000006080a6f4                eth_env_get_enetaddr
 .text.eth_env_set_enetaddr
                0x000000006080a750       0x4c cmd/built-in.o
                0x000000006080a750                eth_env_set_enetaddr
 .text.env_get_ulong
                0x000000006080a79c       0x30 cmd/built-in.o
                0x000000006080a79c                env_get_ulong
 .text.board_init_f_alloc_reserve
                0x000000006080a7cc        0xc common/built-in.o
                0x000000006080a7cc                board_init_f_alloc_reserve
 .text.board_init_f_init_reserve
                0x000000006080a7d8        0xc common/built-in.o
                0x000000006080a7d8                board_init_f_init_reserve
 .text.show_boot_progress
                0x000000006080a7e4        0x8 common/built-in.o
                0x000000006080a7e4                show_boot_progress
 .text.main_loop
                0x000000006080a7ec       0x28 common/built-in.o
                0x000000006080a7ec                main_loop
 .text.mdelay   0x000000006080a814       0x1c common/built-in.o
 .text.dummy    0x000000006080a830        0x4 common/built-in.o
 .text.get_version
                0x000000006080a834        0x8 common/built-in.o
                0x000000006080a834                get_version
 .text.jumptable_init
                0x000000006080a83c      0x1e0 common/built-in.o
                0x000000006080a83c                jumptable_init
 .text.hash_command
                0x000000006080aa1c       0xb0 common/built-in.o
                0x000000006080aa1c                hash_command
 .text.b_reset  0x000000006080aacc       0x1c common/built-in.o
 .text.static_get
                0x000000006080aae8       0x1c common/built-in.o
 .text.static_peek
                0x000000006080ab04        0xc common/built-in.o
 .text.mapset   0x000000006080ab10       0x20 common/built-in.o
 .text.syntax_err
                0x000000006080ab30        0xc common/built-in.o
 .text.free_pipe_list
                0x000000006080ab3c       0xe4 common/built-in.o
 .text.xmalloc  0x000000006080ac20       0x20 common/built-in.o
 .text.new_pipe
                0x000000006080ac40       0x28 common/built-in.o
 .text.xrealloc
                0x000000006080ac68       0x20 common/built-in.o
 .text.done_command
                0x000000006080ac88       0x88 common/built-in.o
 .text.done_pipe
                0x000000006080ad10       0x48 common/built-in.o
 .text.done_word
                0x000000006080ad58      0x2cc common/built-in.o
 .text.is_assignment
                0x000000006080b024       0x5c common/built-in.o
 .text.file_get
                0x000000006080b080      0x1ec common/built-in.o
 .text.do_showvar
                0x000000006080b26c      0x100 common/built-in.o
 .text.b_addchr
                0x000000006080b36c       0x80 common/built-in.o
 .text.b_addqchr
                0x000000006080b3ec       0x50 common/built-in.o
 .text.file_peek
                0x000000006080b43c        0xc common/built-in.o
 .text.get_local_var
                0x000000006080b448       0x94 common/built-in.o
                0x000000006080b448                get_local_var
 .text.set_local_var
                0x000000006080b4dc      0x1a8 common/built-in.o
                0x000000006080b4dc                set_local_var
 .text.insert_var_value_sub
                0x000000006080b684      0x2b8 common/built-in.o
 .text.parse_string_outer
                0x000000006080b93c       0xe8 common/built-in.o
                0x000000006080b93c                parse_string_outer
 .text.run_list_real
                0x000000006080ba24      0x7b0 common/built-in.o
 .text.parse_stream_outer
                0x000000006080c1d4      0x6c0 common/built-in.o
 .text.parse_file_outer
                0x000000006080c894       0x44 common/built-in.o
                0x000000006080c894                parse_file_outer
 .text.u_boot_hush_start
                0x000000006080c8d8       0x54 common/built-in.o
                0x000000006080c8d8                u_boot_hush_start
 .text.bootdelay_process
                0x000000006080c92c       0x50 common/built-in.o
                0x000000006080c92c                bootdelay_process
 .text.autoboot_command
                0x000000006080c97c       0xf4 common/built-in.o
                0x000000006080c97c                autoboot_command
 .text.log_init
                0x000000006080ca70       0x10 common/built-in.o
 .text.display_text_info
                0x000000006080ca80        0x8 common/built-in.o
 .text.setup_mon_len
                0x000000006080ca88       0x20 common/built-in.o
 .text.arch_cpu_init
                0x000000006080caa8        0x8 common/built-in.o
                0x000000006080caa8                arch_cpu_init
 .text.reserve_round_4k
                0x000000006080cab0       0x18 common/built-in.o
 .text.reserve_mmu
                0x000000006080cac8       0x38 common/built-in.o
                0x000000006080cac8                reserve_mmu
 .text.reserve_uboot
                0x000000006080cb00       0x40 common/built-in.o
 .text.reserve_malloc
                0x000000006080cb40       0x14 common/built-in.o
 .text.reserve_global_data
                0x000000006080cb54       0x1c common/built-in.o
 .text.reserve_fdt
                0x000000006080cb70       0x4c common/built-in.o
 .text.setup_reloc
                0x000000006080cbbc       0x40 common/built-in.o
 .text.reloc_fdt
                0x000000006080cbfc       0x44 common/built-in.o
 .text.reserve_board
                0x000000006080cc40       0x40 common/built-in.o
 .text.announce_dram_init
                0x000000006080cc80       0x18 common/built-in.o
 .text.init_baud_rate
                0x000000006080cc98       0x28 common/built-in.o
 .text.initf_bootstage
                0x000000006080ccc0       0x14 common/built-in.o
 .text.arch_cpu_init_dm
                0x000000006080ccd4        0x8 common/built-in.o
                0x000000006080ccd4                arch_cpu_init_dm
 .text.mach_cpu_init
                0x000000006080ccdc        0x8 common/built-in.o
                0x000000006080ccdc                mach_cpu_init
 .text.reserve_video
                0x000000006080cce4        0x8 common/built-in.o
 .text.reserve_trace
                0x000000006080ccec        0x8 common/built-in.o
 .text.setup_machine
                0x000000006080ccf4        0x8 common/built-in.o
 .text.reserve_bootstage
                0x000000006080ccfc        0x8 common/built-in.o
 .text.display_new_sp
                0x000000006080cd04        0x8 common/built-in.o
 .text.reloc_bootstage
                0x000000006080cd0c        0x8 common/built-in.o
 .text.initf_console_record
                0x000000006080cd14        0x8 common/built-in.o
 .text.initf_dm
                0x000000006080cd1c        0x8 common/built-in.o
 .text.reserve_arch
                0x000000006080cd24        0x8 common/built-in.o
                0x000000006080cd24                reserve_arch
 .text.coloured_LED_init
                0x000000006080cd2c        0x4 common/built-in.o
                0x000000006080cd2c                coloured_LED_init
 .text.red_led_on
                0x000000006080cd30        0x4 common/built-in.o
                0x000000006080cd30                red_led_on
 .text.board_add_ram_info
                0x000000006080cd34        0x4 common/built-in.o
                0x000000006080cd34                board_add_ram_info
 .text.show_dram_config
                0x000000006080cd38       0x48 common/built-in.o
 .text.board_get_usable_ram_top
                0x000000006080cd80       0x14 common/built-in.o
                0x000000006080cd80                board_get_usable_ram_top
 .text.setup_dest_addr
                0x000000006080cd94       0x3c common/built-in.o
 .text.reserve_stacks
                0x000000006080cdd0       0x1c common/built-in.o
 .text.board_init_f
                0x000000006080cdec       0x28 common/built-in.o
                0x000000006080cdec                board_init_f
 .text.initr_trace
                0x000000006080ce14        0x8 common/built-in.o
 .text.initr_reloc
                0x000000006080ce1c       0x18 common/built-in.o
 .text.run_main_loop
                0x000000006080ce34        0xc common/built-in.o
 .text.initr_net
                0x000000006080ce40       0x1c common/built-in.o
 .text.initr_ethaddr
                0x000000006080ce5c       0x20 common/built-in.o
 .text.initr_enable_interrupts
                0x000000006080ce7c       0x10 common/built-in.o
 .text.initr_jumptable
                0x000000006080ce8c       0x10 common/built-in.o
 .text.initr_env
                0x000000006080ce9c       0x30 common/built-in.o
 .text.initr_mmc
                0x000000006080cecc       0x20 common/built-in.o
 .text.initr_serial
                0x000000006080ceec       0x10 common/built-in.o
 .text.initr_bootstage
                0x000000006080cefc       0x14 common/built-in.o
 .text.initr_malloc
                0x000000006080cf10       0x1c common/built-in.o
 .text.initr_reloc_global_data
                0x000000006080cf2c       0x38 common/built-in.o
 .text.initr_caches
                0x000000006080cf64       0x10 common/built-in.o
 .text.bootstage_relocate
                0x000000006080cf74        0x8 common/built-in.o
 .text.initr_barrier
                0x000000006080cf7c        0x8 common/built-in.o
 .text.initr_console_record
                0x000000006080cf84        0x8 common/built-in.o
 .text.power_init_board
                0x000000006080cf8c        0x8 common/built-in.o
                0x000000006080cf8c                power_init_board
 .text.initr_announce
                0x000000006080cf94        0x8 common/built-in.o
 .text.board_flash_wp_on
                0x000000006080cf9c        0x8 common/built-in.o
                0x000000006080cf9c                board_flash_wp_on
 .text.initr_flash
                0x000000006080cfa4       0x64 common/built-in.o
 .text.cpu_secondary_init_r
                0x000000006080d008        0x4 common/built-in.o
                0x000000006080d008                cpu_secondary_init_r
 .text.initr_secondary_cpu
                0x000000006080d00c       0x10 common/built-in.o
 .text.board_init_r
                0x000000006080d01c       0x20 common/built-in.o
                0x000000006080d01c                board_init_r
 .text.bootm_find_images
                0x000000006080d03c       0xa8 common/built-in.o
                0x000000006080d03c                bootm_find_images
 .text.bootm_decomp_image
                0x000000006080d0e4      0x140 common/built-in.o
                0x000000006080d0e4                bootm_decomp_image
 .text.bootm_disable_interrupts
                0x000000006080d224        0x4 common/built-in.o
                0x000000006080d224                bootm_disable_interrupts
 .text.do_bootm_states
                0x000000006080d228      0x72c common/built-in.o
                0x000000006080d228                do_bootm_states
 .text.copy_args
                0x000000006080d954       0x4c common/built-in.o
 .text.do_bootm_rtems
                0x000000006080d9a0       0x40 common/built-in.o
 .text.do_bootm_plan9
                0x000000006080d9e0       0xa4 common/built-in.o
 .text.do_bootm_standalone
                0x000000006080da84       0x64 common/built-in.o
 .text.do_bootm_qnxelf
                0x000000006080dae8       0x78 common/built-in.o
 .text.do_bootm_netbsd
                0x000000006080db60       0xf8 common/built-in.o
 .text.do_bootvx_fdt
                0x000000006080dc58      0x114 common/built-in.o
                0x000000006080dc58                do_bootvx_fdt
 .text.do_bootm_vxworks
                0x000000006080dd6c       0x24 common/built-in.o
 .text.arch_preboot_os
                0x000000006080dd90        0x4 common/built-in.o
                0x000000006080dd90                arch_preboot_os
 .text.boot_selected_os
                0x000000006080dd94       0x58 common/built-in.o
                0x000000006080dd94                boot_selected_os
 .text.bootm_os_get_boot_func
                0x000000006080ddec       0x10 common/built-in.o
                0x000000006080ddec                bootm_os_get_boot_func
 .text.fdt_find_and_setprop
                0x000000006080ddfc       0x70 common/built-in.o
                0x000000006080ddfc                fdt_find_and_setprop
 .text.fdt_find_or_add_subnode
                0x000000006080de6c       0x60 common/built-in.o
                0x000000006080de6c                fdt_find_or_add_subnode
 .text.fdt_root
                0x000000006080decc       0x90 common/built-in.o
                0x000000006080decc                fdt_root
 .text.fdt_initrd
                0x000000006080df5c      0x1d0 common/built-in.o
                0x000000006080df5c                fdt_initrd
 .text.fdt_chosen
                0x000000006080e12c       0xa8 common/built-in.o
                0x000000006080e12c                fdt_chosen
 .text.do_fixup_by_path
                0x000000006080e1d4       0x54 common/built-in.o
                0x000000006080e1d4                do_fixup_by_path
 .text.fdt_fixup_memory_banks
                0x000000006080e228      0x234 common/built-in.o
                0x000000006080e228                fdt_fixup_memory_banks
 .text.fdt_fixup_memory
                0x000000006080e45c       0x20 common/built-in.o
                0x000000006080e45c                fdt_fixup_memory
 .text.fdt_fixup_ethernet
                0x000000006080e47c      0x1b8 common/built-in.o
                0x000000006080e47c                fdt_fixup_ethernet
 .text.fdt_shrink_to_minimum
                0x000000006080e634       0xd4 common/built-in.o
                0x000000006080e634                fdt_shrink_to_minimum
 .text.miiphy_get_dev_by_name
                0x000000006080e708       0x58 common/built-in.o
                0x000000006080e708                miiphy_get_dev_by_name
 .text.miiphy_init
                0x000000006080e760       0x24 common/built-in.o
                0x000000006080e760                miiphy_init
 .text.mdio_alloc
                0x000000006080e784       0x30 common/built-in.o
                0x000000006080e784                mdio_alloc
 .text.mdio_register
                0x000000006080e7b4       0x88 common/built-in.o
                0x000000006080e7b4                mdio_register
 .text.miiphy_set_current_dev
                0x000000006080e83c       0x40 common/built-in.o
                0x000000006080e83c                miiphy_set_current_dev
 .text.miiphy_get_active_dev
                0x000000006080e87c       0x54 common/built-in.o
 .text.miiphy_get_current_dev
                0x000000006080e8d0       0x18 common/built-in.o
                0x000000006080e8d0                miiphy_get_current_dev
 .text.miiphy_read
                0x000000006080e8e8       0x4c common/built-in.o
                0x000000006080e8e8                miiphy_read
 .text.miiphy_write
                0x000000006080e934       0x40 common/built-in.o
                0x000000006080e934                miiphy_write
 .text.miiphy_listdev
                0x000000006080e974       0x78 common/built-in.o
                0x000000006080e974                miiphy_listdev
 .text.miiphy_info
                0x000000006080e9ec       0x88 common/built-in.o
                0x000000006080e9ec                miiphy_info
 .text.miiphy_speed
                0x000000006080ea74       0xc4 common/built-in.o
                0x000000006080ea74                miiphy_speed
 .text.miiphy_duplex
                0x000000006080eb38       0xbc common/built-in.o
                0x000000006080eb38                miiphy_duplex
 .text.miiphy_is_1000base_x
                0x000000006080ebf4        0x8 common/built-in.o
                0x000000006080ebf4                miiphy_is_1000base_x
 .text.flash_protect
                0x000000006080ebfc       0xe8 common/built-in.o
                0x000000006080ebfc                flash_protect
 .text.addr2info
                0x000000006080ece4       0x8c common/built-in.o
                0x000000006080ece4                addr2info
 .text.flash_write
                0x000000006080ed70      0x14c common/built-in.o
                0x000000006080ed70                flash_write
 .text.flash_perror
                0x000000006080eebc       0xe4 common/built-in.o
                0x000000006080eebc                flash_perror
 .text.menu_display_statusline
                0x000000006080efa0        0x4 common/built-in.o
                0x000000006080efa0                menu_display_statusline
 .text.menu_default_set
                0x000000006080efa4       0x78 common/built-in.o
                0x000000006080efa4                menu_default_set
 .text.menu_get_choice
                0x000000006080f01c      0x204 common/built-in.o
                0x000000006080f01c                menu_get_choice
 .text.menu_item_add
                0x000000006080f220       0xc8 common/built-in.o
                0x000000006080f220                menu_item_add
 .text.menu_create
                0x000000006080f2e8       0x90 common/built-in.o
                0x000000006080f2e8                menu_create
 .text.menu_destroy
                0x000000006080f378       0x6c common/built-in.o
                0x000000006080f378                menu_destroy
 .text.delete_char.part.0
                0x000000006080f3e4       0xd0 common/built-in.o
 .text.cread_add_char
                0x000000006080f4b4       0xe4 common/built-in.o
 .text.cli_readline_into_buffer
                0x000000006080f598      0xa04 common/built-in.o
                0x000000006080f598                cli_readline_into_buffer
 .text.cli_readline
                0x000000006080ff9c       0x14 common/built-in.o
                0x000000006080ff9c                cli_readline
 .text.cli_simple_process_macros
                0x000000006080ffb0      0x200 common/built-in.o
                0x000000006080ffb0                cli_simple_process_macros
 .text.console_setfile
                0x00000000608101b0       0xb8 common/built-in.o
 .text.fgetc    0x0000000060810268       0x24 common/built-in.o
                0x0000000060810268                fgetc
 .text.getc     0x000000006081028c       0x24 common/built-in.o
                0x000000006081028c                getc
 .text.ftstc    0x00000000608102b0       0x24 common/built-in.o
                0x00000000608102b0                ftstc
 .text.tstc     0x00000000608102d4       0x24 common/built-in.o
                0x00000000608102d4                tstc
 .text.fputc    0x00000000608102f8       0x1c common/built-in.o
                0x00000000608102f8                fputc
 .text.putc     0x0000000060810314       0x30 common/built-in.o
                0x0000000060810314                putc
 .text.fputs    0x0000000060810344       0x1c common/built-in.o
                0x0000000060810344                fputs
 .text.puts     0x0000000060810360       0x30 common/built-in.o
                0x0000000060810360                puts
 .text.ctrlc    0x0000000060810390       0x58 common/built-in.o
                0x0000000060810390                ctrlc
 .text.had_ctrlc
                0x00000000608103e8       0x10 common/built-in.o
                0x00000000608103e8                had_ctrlc
 .text.clear_ctrlc
                0x00000000608103f8       0x14 common/built-in.o
                0x00000000608103f8                clear_ctrlc
 .text.search_device
                0x000000006081040c       0x28 common/built-in.o
                0x000000006081040c                search_device
 .text.console_assign
                0x0000000060810434       0x40 common/built-in.o
                0x0000000060810434                console_assign
 .text.on_console
                0x0000000060810474       0xb8 common/built-in.o
 .text.console_init_f
                0x000000006081052c       0x10 common/built-in.o
                0x000000006081052c                console_init_f
 .text.stdio_print_current_devices
                0x000000006081053c       0xb0 common/built-in.o
                0x000000006081053c                stdio_print_current_devices
 .text.console_init_r
                0x00000000608105ec       0xdc common/built-in.o
                0x00000000608105ec                console_init_r
 .text.sbrk     0x00000000608106c8       0x6c common/built-in.o
                0x00000000608106c8                sbrk
 .text.mem_malloc_init
                0x0000000060810734       0x34 common/built-in.o
                0x0000000060810734                mem_malloc_init
 .text.malloc_trim
                0x0000000060810768       0xd0 common/built-in.o
                0x0000000060810768                malloc_trim
 .text.free     0x0000000060810838      0x22c common/built-in.o
                0x0000000060810838                free
 .text.malloc   0x0000000060810a64      0x604 common/built-in.o
                0x0000000060810a64                malloc
 .text.calloc   0x0000000060811068       0xcc common/built-in.o
                0x0000000060811068                calloc
 .text.realloc  0x0000000060811134      0x404 common/built-in.o
                0x0000000060811134                realloc
 .text.memalign
                0x0000000060811538      0x170 common/built-in.o
                0x0000000060811538                memalign
 .text.initf_malloc
                0x00000000608116a8        0x8 common/built-in.o
                0x00000000608116a8                initf_malloc
 .text.on_loadaddr
                0x00000000608116b0       0x40 common/built-in.o
 .text.image_check_hcrc
                0x00000000608116f0       0x4c common/built-in.o
                0x00000000608116f0                image_check_hcrc
 .text.image_check_dcrc
                0x000000006081173c       0x38 common/built-in.o
                0x000000006081173c                image_check_dcrc
 .text.image_multi_count
                0x0000000060811774       0x1c common/built-in.o
                0x0000000060811774                image_multi_count
 .text.image_multi_getimg
                0x0000000060811790       0x80 common/built-in.o
                0x0000000060811790                image_multi_getimg
 .text.env_get_bootm_low
                0x0000000060811810       0x30 common/built-in.o
                0x0000000060811810                env_get_bootm_low
 .text.env_get_bootm_size
                0x0000000060811840       0x68 common/built-in.o
                0x0000000060811840                env_get_bootm_size
 .text.env_get_bootm_mapsize
                0x00000000608118a8       0x30 common/built-in.o
                0x00000000608118a8                env_get_bootm_mapsize
 .text.memmove_wd
                0x00000000608118d8        0xc common/built-in.o
                0x00000000608118d8                memmove_wd
 .text.genimg_print_size
                0x00000000608118e4       0x30 common/built-in.o
                0x00000000608118e4                genimg_print_size
 .text.get_table_entry
                0x0000000060811914       0x24 common/built-in.o
                0x0000000060811914                get_table_entry
 .text.get_table_entry_name
                0x0000000060811938       0x20 common/built-in.o
                0x0000000060811938                get_table_entry_name
 .text.genimg_get_os_name
                0x0000000060811958       0x18 common/built-in.o
                0x0000000060811958                genimg_get_os_name
 .text.genimg_get_arch_name
                0x0000000060811970       0x18 common/built-in.o
                0x0000000060811970                genimg_get_arch_name
 .text.genimg_get_type_name
                0x0000000060811988       0x18 common/built-in.o
                0x0000000060811988                genimg_get_type_name
 .text.genimg_get_comp_name
                0x00000000608119a0       0x18 common/built-in.o
                0x00000000608119a0                genimg_get_comp_name
 .text.image_print_contents
                0x00000000608119b8      0x1b0 common/built-in.o
                0x00000000608119b8                image_print_contents
 .text.genimg_get_kernel_addr_fit
                0x0000000060811b68       0x24 common/built-in.o
                0x0000000060811b68                genimg_get_kernel_addr_fit
 .text.genimg_get_kernel_addr
                0x0000000060811b8c       0x24 common/built-in.o
                0x0000000060811b8c                genimg_get_kernel_addr
 .text.genimg_get_format
                0x0000000060811bb0       0x34 common/built-in.o
                0x0000000060811bb0                genimg_get_format
 .text.genimg_has_config
                0x0000000060811be4        0x8 common/built-in.o
                0x0000000060811be4                genimg_has_config
 .text.boot_get_ramdisk
                0x0000000060811bec      0x27c common/built-in.o
                0x0000000060811bec                boot_get_ramdisk
 .text.boot_ramdisk_high
                0x0000000060811e68      0x130 common/built-in.o
                0x0000000060811e68                boot_ramdisk_high
 .text.boot_get_setup
                0x0000000060811f98        0x8 common/built-in.o
                0x0000000060811f98                boot_get_setup
 .text.image_setup_linux
                0x0000000060811fa0       0x64 common/built-in.o
                0x0000000060811fa0                image_setup_linux
 .text.fdt_error
                0x0000000060812004       0x2c common/built-in.o
 .text.boot_fdt_add_mem_rsv_regions
                0x0000000060812030       0x8c common/built-in.o
                0x0000000060812030                boot_fdt_add_mem_rsv_regions
 .text.boot_relocate_fdt
                0x00000000608120bc      0x194 common/built-in.o
                0x00000000608120bc                boot_relocate_fdt
 .text.boot_get_fdt
                0x0000000060812250      0x288 common/built-in.o
                0x0000000060812250                boot_get_fdt
 .text.ft_verify_fdt
                0x00000000608124d8        0x8 common/built-in.o
                0x00000000608124d8                ft_verify_fdt
 .text.image_setup_libfdt
                0x00000000608124e0      0x110 common/built-in.o
                0x00000000608124e0                image_setup_libfdt
 .text.get_ram_size
                0x00000000608125f0       0xe8 common/built-in.o
                0x00000000608125f0                get_ram_size
 .text.get_effective_memsize
                0x00000000608126d8        0x8 common/built-in.o
                0x00000000608126d8                get_effective_memsize
 .text.stdio_serial_tstc
                0x00000000608126e0        0x4 common/built-in.o
 .text.stdio_serial_getc
                0x00000000608126e4        0x4 common/built-in.o
 .text.stdio_serial_puts
                0x00000000608126e8        0x8 common/built-in.o
 .text.stdio_serial_putc
                0x00000000608126f0        0x8 common/built-in.o
 .text.stdio_get_list
                0x00000000608126f8        0xc common/built-in.o
                0x00000000608126f8                stdio_get_list
 .text.stdio_get_by_name
                0x0000000060812704       0x4c common/built-in.o
                0x0000000060812704                stdio_get_by_name
 .text.stdio_clone
                0x0000000060812750       0x38 common/built-in.o
                0x0000000060812750                stdio_clone
 .text.stdio_register_dev
                0x0000000060812788       0x50 common/built-in.o
                0x0000000060812788                stdio_register_dev
 .text.stdio_register
                0x00000000608127d8        0x8 common/built-in.o
                0x00000000608127d8                stdio_register
 .text.stdio_init_tables
                0x00000000608127e0       0x1c common/built-in.o
                0x00000000608127e0                stdio_init_tables
 .text.stdio_add_devices
                0x00000000608127fc       0x78 common/built-in.o
                0x00000000608127fc                stdio_add_devices
 .text.run_command
                0x0000000060812874       0x10 common/built-in.o
                0x0000000060812874                run_command
 .text.run_command_list
                0x0000000060812884       0x7c common/built-in.o
                0x0000000060812884                run_command_list
 .text.do_run   0x0000000060812900       0x74 common/built-in.o
                0x0000000060812900                do_run
 .text.cli_loop
                0x0000000060812974        0xc common/built-in.o
                0x0000000060812974                cli_loop
 .text.cli_init
                0x0000000060812980        0x4 common/built-in.o
                0x0000000060812980                cli_init
 .text.find_cmd_tbl
                0x0000000060812984       0xa4 common/built-in.o
                0x0000000060812984                find_cmd_tbl
 .text.find_cmd
                0x0000000060812a28       0x28 common/built-in.o
                0x0000000060812a28                find_cmd
 .text.cmd_usage
                0x0000000060812a50       0x5c common/built-in.o
                0x0000000060812a50                cmd_usage
 .text._do_help
                0x0000000060812aac      0x184 common/built-in.o
                0x0000000060812aac                _do_help
 .text.var_complete
                0x0000000060812c30       0x88 common/built-in.o
                0x0000000060812c30                var_complete
 .text.cmd_auto_complete
                0x0000000060812cb8      0x4c4 common/built-in.o
                0x0000000060812cb8                cmd_auto_complete
 .text.cmd_get_data_size
                0x000000006081317c       0x50 common/built-in.o
                0x000000006081317c                cmd_get_data_size
 .text.cmd_process
                0x00000000608131cc       0xbc common/built-in.o
                0x00000000608131cc                cmd_process
 .text.part_driver_lookup_type
                0x0000000060813288       0x88 disk/built-in.o
 .text.dev_print
                0x0000000060813310      0x21c disk/built-in.o
                0x0000000060813310                dev_print
 .text.part_init
                0x000000006081352c       0x50 disk/built-in.o
                0x000000006081352c                part_init
 .text.part_print
                0x000000006081357c      0x118 disk/built-in.o
                0x000000006081357c                part_print
 .text.part_get_info
                0x0000000060813694       0x60 disk/built-in.o
                0x0000000060813694                part_get_info
 .text.part_get_info_whole_disk
                0x00000000608136f4       0x50 disk/built-in.o
                0x00000000608136f4                part_get_info_whole_disk
 .text.blk_get_device_by_str
                0x0000000060813744      0x134 disk/built-in.o
                0x0000000060813744                blk_get_device_by_str
 .text.blk_get_device_part_str
                0x0000000060813878      0x3c8 disk/built-in.o
                0x0000000060813878                blk_get_device_part_str
 .text.part_get_info_by_name_type
                0x0000000060813c40       0x74 disk/built-in.o
                0x0000000060813c40                part_get_info_by_name_type
 .text.part_get_info_by_name
                0x0000000060813cb4        0x8 disk/built-in.o
                0x0000000060813cb4                part_get_info_by_name
 .text.part_set_generic_name
                0x0000000060813cbc       0x4c disk/built-in.o
                0x0000000060813cbc                part_set_generic_name
 .text.test_block_type
                0x0000000060813d08       0x84 disk/built-in.o
 .text.print_partition_extended
                0x0000000060813d8c      0x274 disk/built-in.o
 .text.part_print_dos
                0x0000000060814000       0x34 disk/built-in.o
                0x0000000060814000                part_print_dos
 .text.part_test_dos
                0x0000000060814034       0x70 disk/built-in.o
 .text.part_get_info_extended
                0x00000000608140a4      0x2c4 disk/built-in.o
 .text.part_get_info_dos
                0x0000000060814368       0x24 disk/built-in.o
                0x0000000060814368                part_get_info_dos
 .text.iso_dread
                0x000000006081438c       0x34 disk/built-in.o
                0x000000006081438c                iso_dread
 .text.part_get_info_iso_verb
                0x00000000608143c0      0x394 disk/built-in.o
                0x00000000608143c0                part_get_info_iso_verb
 .text.part_test_iso
                0x0000000060814754       0x20 disk/built-in.o
 .text.part_print_iso
                0x0000000060814774       0x98 disk/built-in.o
 .text.part_get_info_iso
                0x000000006081480c        0x8 disk/built-in.o
 .text.print_efiname
                0x0000000060814814       0x88 disk/built-in.o
 .text.part_test_efi
                0x000000006081489c       0xcc disk/built-in.o
 .text.validate_gpt_entries
                0x0000000060814968       0x98 disk/built-in.o
 .text.validate_gpt_header
                0x0000000060814a00      0x228 disk/built-in.o
 .text.is_gpt_valid
                0x0000000060814c28      0x2b4 disk/built-in.o
 .text.is_pte_valid
                0x0000000060814edc       0x58 disk/built-in.o
 .text.part_print_efi
                0x0000000060814f34      0x284 disk/built-in.o
                0x0000000060814f34                part_print_efi
 .text.part_get_info_efi
                0x00000000608151b8      0x1f0 disk/built-in.o
                0x00000000608151b8                part_get_info_efi
 .text.get_desc
                0x00000000608153a8       0x6c drivers/built-in.o
 .text.blk_driver_lookup_type
                0x0000000060815414       0x38 drivers/built-in.o
                0x0000000060815414                blk_driver_lookup_type
 .text.blk_get_devnum_by_type
                0x000000006081544c       0x3c drivers/built-in.o
                0x000000006081544c                blk_get_devnum_by_type
 .text.blk_dselect_hwpart
                0x0000000060815488       0x48 drivers/built-in.o
                0x0000000060815488                blk_dselect_hwpart
 .text.blk_get_devnum_by_typename
                0x00000000608154d0       0x68 drivers/built-in.o
                0x00000000608154d0                blk_get_devnum_by_typename
 .text.blk_select_hwpart_devnum
                0x0000000060815538       0x48 drivers/built-in.o
                0x0000000060815538                blk_select_hwpart_devnum
 .text.mmc_set_ios
                0x0000000060815580       0x20 drivers/built-in.o
 .text.mmc_set_capacity
                0x00000000608155a0       0xb0 drivers/built-in.o
 .text.board_mmc_getwp
                0x0000000060815650        0x8 drivers/built-in.o
                0x0000000060815650                board_mmc_getwp
 .text.mmc_getwp
                0x0000000060815658       0x3c drivers/built-in.o
                0x0000000060815658                mmc_getwp
 .text.board_mmc_getcd
                0x0000000060815694        0x8 drivers/built-in.o
                0x0000000060815694                board_mmc_getcd
 .text.mmc_mode_name
                0x000000006081569c       0x1c drivers/built-in.o
                0x000000006081569c                mmc_mode_name
 .text.mmc_send_cmd
                0x00000000608156b8       0x10 drivers/built-in.o
                0x00000000608156b8                mmc_send_cmd
 .text.mmc_send_ext_csd
                0x00000000608156c8       0x4c drivers/built-in.o
 .text.mmc_read_and_compare_ext_csd
                0x0000000060815714       0xa8 drivers/built-in.o
 .text.mmc_go_idle
                0x00000000608157bc       0x4c drivers/built-in.o
 .text.mmc_send_op_cond_iter
                0x0000000060815808       0x78 drivers/built-in.o
 .text.mmc_send_status
                0x0000000060815880       0xcc drivers/built-in.o
                0x0000000060815880                mmc_send_status
 .text.mmc_set_blocklen
                0x000000006081594c       0x84 drivers/built-in.o
                0x000000006081594c                mmc_set_blocklen
 .text.mmc_bread
                0x00000000608159d0      0x164 drivers/built-in.o
                0x00000000608159d0                mmc_bread
 .text.mmc_switch
                0x0000000060815b34       0x68 drivers/built-in.o
                0x0000000060815b34                mmc_switch
 .text.mmc_startup_v4
                0x0000000060815b9c      0x334 drivers/built-in.o
 .text.mmc_set_card_speed
                0x0000000060815ed0       0xa8 drivers/built-in.o
 .text.mmc_switch_part
                0x0000000060815f78       0x64 drivers/built-in.o
                0x0000000060815f78                mmc_switch_part
 .text.mmc_hwpart_config
                0x0000000060815fdc      0x420 drivers/built-in.o
                0x0000000060815fdc                mmc_hwpart_config
 .text.mmc_getcd
                0x00000000608163fc       0x3c drivers/built-in.o
                0x00000000608163fc                mmc_getcd
 .text.mmc_set_clock
                0x0000000060816438       0x30 drivers/built-in.o
                0x0000000060816438                mmc_set_clock
 .text.mmc_startup
                0x0000000060816468      0xc54 drivers/built-in.o
 .text.mmc_dump_capabilities
                0x00000000608170bc        0x4 drivers/built-in.o
                0x00000000608170bc                mmc_dump_capabilities
 .text.board_mmc_power_init
                0x00000000608170c0        0x4 drivers/built-in.o
                0x00000000608170c0                board_mmc_power_init
 .text.mmc_get_op_cond
                0x00000000608170c4      0x240 drivers/built-in.o
                0x00000000608170c4                mmc_get_op_cond
 .text.mmc_start_init
                0x0000000060817304       0x6c drivers/built-in.o
                0x0000000060817304                mmc_start_init
 .text.mmc_init
                0x0000000060817370      0x100 drivers/built-in.o
                0x0000000060817370                mmc_init
 .text.mmc_set_dsr
                0x0000000060817470        0xc drivers/built-in.o
                0x0000000060817470                mmc_set_dsr
 .text.board_mmc_init
                0x000000006081747c        0x8 drivers/built-in.o
                0x000000006081747c                board_mmc_init
 .text.mmc_initialize
                0x0000000060817484       0x5c drivers/built-in.o
                0x0000000060817484                mmc_initialize
 .text.mmc_berase
                0x00000000608174e0      0x1b8 drivers/built-in.o
                0x00000000608174e0                mmc_berase
 .text.mmc_bwrite
                0x0000000060817698      0x188 drivers/built-in.o
                0x0000000060817698                mmc_bwrite
 .text.find_mmc_device
                0x0000000060817820       0x50 drivers/built-in.o
                0x0000000060817820                find_mmc_device
 .text.mmc_select_hwpartp
                0x0000000060817870       0x54 drivers/built-in.o
 .text.mmc_get_dev
                0x00000000608178c4       0x30 drivers/built-in.o
 .text.mmc_get_next_devnum
                0x00000000608178f4       0x18 drivers/built-in.o
                0x00000000608178f4                mmc_get_next_devnum
 .text.mmc_get_blk_desc
                0x000000006081790c        0x8 drivers/built-in.o
                0x000000006081790c                mmc_get_blk_desc
 .text.get_mmc_num
                0x0000000060817914       0x10 drivers/built-in.o
                0x0000000060817914                get_mmc_num
 .text.mmc_do_preinit
                0x0000000060817924       0x38 drivers/built-in.o
                0x0000000060817924                mmc_do_preinit
 .text.mmc_list_init
                0x000000006081795c       0x24 drivers/built-in.o
                0x000000006081795c                mmc_list_init
 .text.mmc_list_add
                0x0000000060817980       0x24 drivers/built-in.o
                0x0000000060817980                mmc_list_add
 .text.print_mmc_devices
                0x00000000608179a4       0xc0 drivers/built-in.o
                0x00000000608179a4                print_mmc_devices
 .text.mmc_create
                0x0000000060817a64       0xd0 drivers/built-in.o
                0x0000000060817a64                mmc_create
 .text.mmc_host_reset
                0x0000000060817b34       0x1c drivers/built-in.o
 .text.host_set_ios
                0x0000000060817b50      0x100 drivers/built-in.o
 .text.do_command
                0x0000000060817c50      0x148 drivers/built-in.o
 .text.host_request
                0x0000000060817d98      0x3b4 drivers/built-in.o
 .text.arm_pl180_mmci_init
                0x000000006081814c       0xb4 drivers/built-in.o
                0x000000006081814c                arm_pl180_mmci_init
 .text.flash_get_info
                0x0000000060818200       0x7c drivers/mtd/built-in.o
 .text.flash_make_cmd
                0x000000006081827c       0x58 drivers/mtd/built-in.o
 .text.flash_write_cmd
                0x00000000608182d4       0x8c drivers/mtd/built-in.o
 .text.flash_unlock_seq
                0x0000000060818360       0x30 drivers/mtd/built-in.o
 .text.flash_isequal
                0x0000000060818390       0xb0 drivers/mtd/built-in.o
 .text.flash_isset
                0x0000000060818440       0xbc drivers/mtd/built-in.o
 .text.find_sector
                0x00000000608184fc       0x98 drivers/mtd/built-in.o
 .text.cfi_reverse_geometry
                0x0000000060818594       0xb0 drivers/mtd/built-in.o
 .text.flash_add_byte.isra.3
                0x0000000060818644       0x84 drivers/mtd/built-in.o
 .text.flash_status_check
                0x00000000608186c8      0x1d0 drivers/mtd/built-in.o
 .text.flash_full_status_check
                0x0000000060818898      0x170 drivers/mtd/built-in.o
 .text.flash_write_cfiword
                0x0000000060818a08      0x1f4 drivers/mtd/built-in.o
 .text.cfi_flash_bank_addr
                0x0000000060818bfc       0x24 drivers/mtd/built-in.o
                0x0000000060818bfc                cfi_flash_bank_addr
 .text.cfi_flash_bank_size
                0x0000000060818c20        0x8 drivers/mtd/built-in.o
                0x0000000060818c20                cfi_flash_bank_size
 .text.flash_sector_size
                0x0000000060818c28       0x34 drivers/mtd/built-in.o
                0x0000000060818c28                flash_sector_size
 .text.flash_erase
                0x0000000060818c5c      0x1c0 drivers/mtd/built-in.o
                0x0000000060818c5c                flash_erase
 .text.flash_print_info
                0x0000000060818e1c      0x28c drivers/mtd/built-in.o
                0x0000000060818e1c                flash_print_info
 .text.write_buff
                0x00000000608190a8      0x654 drivers/mtd/built-in.o
                0x00000000608190a8                write_buff
 .text.flash_real_protect
                0x00000000608196fc      0x38c drivers/mtd/built-in.o
                0x00000000608196fc                flash_real_protect
 .text.__flash_cmd_reset
                0x0000000060819a88       0x38 drivers/mtd/built-in.o
                0x0000000060819a88                flash_cmd_reset
 .text.flash_get_size
                0x0000000060819ac0      0xa3c drivers/mtd/built-in.o
                0x0000000060819ac0                flash_get_size
 .text.flash_init
                0x000000006081a4fc      0x184 drivers/mtd/built-in.o
                0x000000006081a4fc                flash_init
 .text.__smc911x_reg_read
                0x000000006081a680        0xc drivers/net/built-in.o
                0x000000006081a680                pkt_data_pull
                0x000000006081a680                smc911x_reg_read
 .text.__smc911x_reg_write
                0x000000006081a68c        0xc drivers/net/built-in.o
                0x000000006081a68c                pkt_data_push
                0x000000006081a68c                smc911x_reg_write
 .text.smc911x_set_mac_csr
                0x000000006081a698       0x5c drivers/net/built-in.o
 .text.smc911x_handle_mac_address
                0x000000006081a6f4       0x5c drivers/net/built-in.o
 .text.smc911x_rx
                0x000000006081a750       0xa0 drivers/net/built-in.o
 .text.smc911x_send
                0x000000006081a7f0       0xfc drivers/net/built-in.o
 .text.smc911x_reset
                0x000000006081a8ec       0xf8 drivers/net/built-in.o
 .text.smc911x_halt
                0x000000006081a9e4       0x18 drivers/net/built-in.o
 .text.smc911x_get_mac_csr
                0x000000006081a9fc       0x54 drivers/net/built-in.o
 .text.smc911x_eth_phy_write
                0x000000006081aa50       0x68 drivers/net/built-in.o
 .text.smc911x_miiphy_write
                0x000000006081aab8       0x3c drivers/net/built-in.o
 .text.smc911x_eth_phy_read
                0x000000006081aaf4       0x6c drivers/net/built-in.o
 .text.smc911x_miiphy_read
                0x000000006081ab60       0x48 drivers/net/built-in.o
 .text.smc911x_init
                0x000000006081aba8      0x160 drivers/net/built-in.o
 .text.smc911x_initialize
                0x000000006081ad08      0x1bc drivers/net/built-in.o
                0x000000006081ad08                smc911x_initialize
 .text.serial_stub_start
                0x000000006081aec4        0xc drivers/serial/built-in.o
 .text.serial_stub_stop
                0x000000006081aed0        0xc drivers/serial/built-in.o
 .text.serial_stub_putc
                0x000000006081aedc       0x10 drivers/serial/built-in.o
 .text.serial_stub_puts
                0x000000006081aeec       0x10 drivers/serial/built-in.o
 .text.serial_stub_getc
                0x000000006081aefc        0xc drivers/serial/built-in.o
 .text.serial_stub_tstc
                0x000000006081af08        0xc drivers/serial/built-in.o
 .text.get_current
                0x000000006081af14       0x40 drivers/serial/built-in.o
 .text.serial_null
                0x000000006081af54        0x4 drivers/serial/built-in.o
                0x000000006081af54                ns16550_serial_initialize
                0x000000006081af54                sh_serial_initialize
                0x000000006081af54                mcf_serial_initialize
                0x000000006081af54                mpc85xx_serial_initialize
                0x000000006081af54                pxa_serial_initialize
                0x000000006081af54                atmel_serial_initialize
                0x000000006081af54                mxc_serial_initialize
                0x000000006081af54                mpc8xx_serial_initialize
 .text.serial_register
                0x000000006081af58       0x18 drivers/serial/built-in.o
                0x000000006081af58                serial_register
 .text.serial_stdio_init
                0x000000006081af70       0xa4 drivers/serial/built-in.o
                0x000000006081af70                serial_stdio_init
 .text.serial_assign
                0x000000006081b014       0x4c drivers/serial/built-in.o
                0x000000006081b014                serial_assign
 .text.serial_initialize
                0x000000006081b060       0x34 drivers/serial/built-in.o
                0x000000006081b060                serial_initialize
 .text.serial_init
                0x000000006081b094       0x20 drivers/serial/built-in.o
                0x000000006081b094                serial_init
 .text.serial_setbrg
                0x000000006081b0b4       0x14 drivers/serial/built-in.o
                0x000000006081b0b4                serial_setbrg
 .text.on_baudrate
                0x000000006081b0c8       0xf4 drivers/serial/built-in.o
 .text.serial_getc
                0x000000006081b1bc       0x14 drivers/serial/built-in.o
                0x000000006081b1bc                serial_getc
 .text.serial_tstc
                0x000000006081b1d0       0x14 drivers/serial/built-in.o
                0x000000006081b1d0                serial_tstc
 .text.serial_putc
                0x000000006081b1e4       0x1c drivers/serial/built-in.o
                0x000000006081b1e4                serial_putc
 .text.serial_puts
                0x000000006081b200       0x1c drivers/serial/built-in.o
                0x000000006081b200                serial_puts
 .text.default_serial_puts
                0x000000006081b21c       0x2c drivers/serial/built-in.o
                0x000000006081b21c                default_serial_puts
 .text.pl01x_serial_getc
                0x000000006081b248       0x3c drivers/serial/built-in.o
 .text.pl01x_serial_tstc
                0x000000006081b284       0x20 drivers/serial/built-in.o
 .text.pl01x_serial_init_baud
                0x000000006081b2a4      0x128 drivers/serial/built-in.o
 .text.pl01x_serial_init
                0x000000006081b3cc       0x14 drivers/serial/built-in.o
                0x000000006081b3cc                pl01x_serial_init
 .text.pl01x_serial_setbrg
                0x000000006081b3e0       0x3c drivers/serial/built-in.o
 .text.pl01x_serial_putc
                0x000000006081b41c       0x50 drivers/serial/built-in.o
 .text.pl01x_serial_initialize
                0x000000006081b46c        0xc drivers/serial/built-in.o
                0x000000006081b46c                pl01x_serial_initialize
 .text.default_serial_console
                0x000000006081b478        0xc drivers/serial/built-in.o
                0x000000006081b478                default_serial_console
 .text.env_get_yesno
                0x000000006081b484       0x3c env/built-in.o
                0x000000006081b484                env_get_yesno
 .text.env_get_default
                0x000000006081b4c0       0x30 env/built-in.o
                0x000000006081b4c0                env_get_default
 .text.set_default_env
                0x000000006081b4f0       0x98 env/built-in.o
                0x000000006081b4f0                set_default_env
 .text.set_default_vars
                0x000000006081b588       0x3c env/built-in.o
                0x000000006081b588                set_default_vars
 .text.env_import
                0x000000006081b5c4       0xcc env/built-in.o
                0x000000006081b5c4                env_import
 .text.env_export
                0x000000006081b690       0x8c env/built-in.o
                0x000000006081b690                env_export
 .text.env_relocate
                0x000000006081b71c       0x34 env/built-in.o
                0x000000006081b71c                env_relocate
 .text.env_complete
                0x000000006081b750       0xdc env/built-in.o
                0x000000006081b750                env_complete
 .text.env_get_location
                0x000000006081b82c       0x18 env/built-in.o
                0x000000006081b82c                env_get_location
 .text.env_driver_lookup
                0x000000006081b844       0x44 env/built-in.o
 .text.env_get_char_spec
                0x000000006081b888        0xc env/built-in.o
                0x000000006081b888                env_get_char_spec
 .text.env_get_char
                0x000000006081b894       0x20 env/built-in.o
                0x000000006081b894                env_get_char
 .text.env_load
                0x000000006081b8b4       0x90 env/built-in.o
                0x000000006081b8b4                env_load
 .text.env_save
                0x000000006081b944       0x84 env/built-in.o
                0x000000006081b944                env_save
 .text.env_init
                0x000000006081b9c8       0x88 env/built-in.o
                0x000000006081b9c8                env_init
 .text.regex_callback
                0x000000006081ba50      0x140 env/built-in.o
 .text.env_attr_walk
                0x000000006081bb90      0x120 env/built-in.o
                0x000000006081bb90                env_attr_walk
 .text.env_attr_lookup
                0x000000006081bcb0       0x84 env/built-in.o
                0x000000006081bcb0                env_attr_lookup
 .text.clear_callback
                0x000000006081bd34       0x10 env/built-in.o
 .text.find_env_callback
                0x000000006081bd44       0x5c env/built-in.o
 .text.on_callbacks
                0x000000006081bda0       0x50 env/built-in.o
 .text.set_callback
                0x000000006081bdf0       0x9c env/built-in.o
 .text.env_callback_init
                0x000000006081be8c       0xc4 env/built-in.o
                0x000000006081be8c                env_callback_init
 .text.skip_num
                0x000000006081bf50       0x6c env/built-in.o
 .text.clear_flags
                0x000000006081bfbc       0x10 env/built-in.o
 .text.on_flags
                0x000000006081bfcc       0x50 env/built-in.o
 .text.env_flags_parse_vartype
                0x000000006081c01c       0x50 env/built-in.o
                0x000000006081c01c                env_flags_parse_vartype
 .text.env_flags_parse_varaccess
                0x000000006081c06c       0x50 env/built-in.o
                0x000000006081c06c                env_flags_parse_varaccess
 .text.set_flags
                0x000000006081c0bc       0xb0 env/built-in.o
 .text.eth_validate_ethaddr_str
                0x000000006081c16c       0x94 env/built-in.o
                0x000000006081c16c                eth_validate_ethaddr_str
 .text.env_flags_init
                0x000000006081c200       0xd8 env/built-in.o
                0x000000006081c200                env_flags_init
 .text.env_flags_validate
                0x000000006081c2d8      0x288 env/built-in.o
                0x000000006081c2d8                env_flags_validate
 .text.env_flash_save
                0x000000006081c560       0xb0 env/built-in.o
 .text.env_flash_load
                0x000000006081c610       0x10 env/built-in.o
 .text.env_flash_init
                0x000000006081c620       0x64 env/built-in.o
 .text.fs_probe_unsupported
                0x000000006081c684       0x18 fs/built-in.o
 .text.fs_ls_unsupported
                0x000000006081c69c        0x8 fs/built-in.o
 .text.fs_exists_unsupported
                0x000000006081c6a4        0x8 fs/built-in.o
 .text.fs_size_unsupported
                0x000000006081c6ac        0x8 fs/built-in.o
 .text.fs_read_unsupported
                0x000000006081c6b4        0x8 fs/built-in.o
 .text.fs_close_unsupported
                0x000000006081c6bc        0x4 fs/built-in.o
 .text.fs_opendir_unsupported
                0x000000006081c6c0        0x8 fs/built-in.o
 .text.fs_get_info
                0x000000006081c6c8       0x34 fs/built-in.o
 .text.fs_close
                0x000000006081c6fc       0x28 fs/built-in.o
 .text.fs_write_unsupported
                0x000000006081c724        0x8 fs/built-in.o
 .text.fs_uuid_unsupported
                0x000000006081c72c        0x8 fs/built-in.o
 .text.fs_set_blk_dev
                0x000000006081c734       0xcc fs/built-in.o
                0x000000006081c734                fs_set_blk_dev
 .text.fs_set_blk_dev_with_part
                0x000000006081c800       0x94 fs/built-in.o
                0x000000006081c800                fs_set_blk_dev_with_part
 .text.fs_ls    0x000000006081c894       0x3c fs/built-in.o
                0x000000006081c894                fs_ls
 .text.fs_exists
                0x000000006081c8d0       0x34 fs/built-in.o
                0x000000006081c8d0                fs_exists
 .text.fs_size  0x000000006081c904       0x3c fs/built-in.o
                0x000000006081c904                fs_size
 .text.fs_read  0x000000006081c940       0x60 fs/built-in.o
                0x000000006081c940                fs_read
 .text.fs_write
                0x000000006081c9a0       0x90 fs/built-in.o
                0x000000006081c9a0                fs_write
 .text.fs_opendir
                0x000000006081ca30       0x7c fs/built-in.o
                0x000000006081ca30                fs_opendir
 .text.fs_readdir
                0x000000006081caac       0x5c fs/built-in.o
                0x000000006081caac                fs_readdir
 .text.fs_closedir
                0x000000006081cb08       0x38 fs/built-in.o
                0x000000006081cb08                fs_closedir
 .text.fs_ls_generic
                0x000000006081cb40       0xac fs/built-in.o
 .text.do_size  0x000000006081cbec       0x60 fs/built-in.o
                0x000000006081cbec                do_size
 .text.do_load  0x000000006081cc4c      0x244 fs/built-in.o
                0x000000006081cc4c                do_load
 .text.do_ls    0x000000006081ce90       0x68 fs/built-in.o
                0x000000006081ce90                do_ls
 .text.file_exists
                0x000000006081cef8       0x2c fs/built-in.o
                0x000000006081cef8                file_exists
 .text.do_save  0x000000006081cf24      0x178 fs/built-in.o
                0x000000006081cf24                do_save
 .text.do_fs_type
                0x000000006081d09c       0x70 fs/built-in.o
                0x000000006081d09c                do_fs_type
 .text.get_fs   0x000000006081d10c        0xc fs/built-in.o
                0x000000006081d10c                get_fs
 .text.ext4fs_free_node
                0x000000006081d118       0x20 fs/built-in.o
                0x000000006081d118                ext4fs_free_node
 .text.ext4fs_read_file
                0x000000006081d138      0x3b8 fs/built-in.o
                0x000000006081d138                ext4fs_read_file
 .text.ext4fs_ls
                0x000000006081d4f0       0x98 fs/built-in.o
                0x000000006081d4f0                ext4fs_ls
 .text.ext4fs_exists
                0x000000006081d588       0x1c fs/built-in.o
                0x000000006081d588                ext4fs_exists
 .text.ext4fs_size
                0x000000006081d5a4        0x4 fs/built-in.o
                0x000000006081d5a4                ext4fs_size
 .text.ext4fs_read
                0x000000006081d5a8       0x5c fs/built-in.o
                0x000000006081d5a8                ext4fs_read
 .text.ext4fs_probe
                0x000000006081d604       0x30 fs/built-in.o
                0x000000006081d604                ext4fs_probe
 .text.ext4_read_file
                0x000000006081d634       0x70 fs/built-in.o
                0x000000006081d634                ext4_read_file
 .text.ext4fs_uuid
                0x000000006081d6a4       0x38 fs/built-in.o
                0x000000006081d6a4                ext4fs_uuid
 .text.ext4fs_bg_get_inode_table_id
                0x000000006081d6dc       0x2c fs/built-in.o
                0x000000006081d6dc                ext4fs_bg_get_inode_table_id
 .text.ext4fs_read_inode
                0x000000006081d708      0x134 fs/built-in.o
                0x000000006081d708                ext4fs_read_inode
 .text.read_allocated_block
                0x000000006081d83c      0x8b8 fs/built-in.o
                0x000000006081d83c                read_allocated_block
 .text.ext4fs_reinit_global
                0x000000006081e0f4       0xbc fs/built-in.o
                0x000000006081e0f4                ext4fs_reinit_global
 .text.ext4fs_close
                0x000000006081e1b0       0x5c fs/built-in.o
                0x000000006081e1b0                ext4fs_close
 .text.ext4fs_iterate_dir
                0x000000006081e20c      0x2bc fs/built-in.o
                0x000000006081e20c                ext4fs_iterate_dir
 .text.ext4fs_find_file1
                0x000000006081e4c8      0x2bc fs/built-in.o
 .text.ext4fs_find_file
                0x000000006081e784       0x78 fs/built-in.o
                0x000000006081e784                ext4fs_find_file
 .text.ext4fs_open
                0x000000006081e7fc       0xac fs/built-in.o
                0x000000006081e7fc                ext4fs_open
 .text.ext4fs_mount
                0x000000006081e8a8       0xe0 fs/built-in.o
                0x000000006081e8a8                ext4fs_mount
 .text.ext4fs_set_blk_dev
                0x000000006081e988       0x6c fs/built-in.o
                0x000000006081e988                ext4fs_set_blk_dev
 .text.ext4fs_devread
                0x000000006081e9f4       0x40 fs/built-in.o
                0x000000006081e9f4                ext4fs_devread
 .text.ext4_read_superblock
                0x000000006081ea34       0x38 fs/built-in.o
                0x000000006081ea34                ext4_read_superblock
 .text.downcase
                0x000000006081ea6c       0x38 fs/built-in.o
 .text.disk_read
                0x000000006081eaa4       0x60 fs/built-in.o
 .text.get_fatent
                0x000000006081eb04      0x164 fs/built-in.o
 .text.next_dent
                0x000000006081ec68      0x130 fs/built-in.o
 .text.get_cluster
                0x000000006081ed98      0x17c fs/built-in.o
 .text.read_bootsectandvi
                0x000000006081ef14      0x124 fs/built-in.o
 .text.fat_itr_root
                0x000000006081f038      0x154 fs/built-in.o
 .text.fat_itr_next
                0x000000006081f18c      0x2a4 fs/built-in.o
 .text.fat_itr_resolve
                0x000000006081f430      0x178 fs/built-in.o
 .text.fat_set_blk_dev
                0x000000006081f5a8       0xcc fs/built-in.o
                0x000000006081f5a8                fat_set_blk_dev
 .text.file_fat_detectfs
                0x000000006081f674      0x148 fs/built-in.o
                0x000000006081f674                file_fat_detectfs
 .text.fat_exists
                0x000000006081f7bc       0x6c fs/built-in.o
                0x000000006081f7bc                fat_exists
 .text.fat_size
                0x000000006081f828       0xb8 fs/built-in.o
                0x000000006081f828                fat_size
 .text.file_fat_read_at
                0x000000006081f8e0      0x404 fs/built-in.o
                0x000000006081f8e0                file_fat_read_at
 .text.fat_read_file
                0x000000006081fce4       0x48 fs/built-in.o
                0x000000006081fce4                fat_read_file
 .text.fat_opendir
                0x000000006081fd2c       0x80 fs/built-in.o
                0x000000006081fd2c                fat_opendir
 .text.fat_readdir
                0x000000006081fdac       0x74 fs/built-in.o
                0x000000006081fdac                fat_readdir
 .text.fat_closedir
                0x000000006081fe20       0x1c fs/built-in.o
                0x000000006081fe20                fat_closedir
 .text.fat_close
                0x000000006081fe3c        0x4 fs/built-in.o
                0x000000006081fe3c                fat_close
 .text.fs_devread
                0x000000006081fe40      0x230 fs/built-in.o
                0x000000006081fe40                fs_devread
 .text.efi_uc_destroy
                0x0000000060820070       0x18 lib/built-in.o
 .text.efi_uc_init
                0x0000000060820088       0x18 lib/built-in.o
 .text.check_node_type
                0x00000000608200a0       0x8c lib/built-in.o
 .text.efi_uc_start
                0x000000006082012c       0xd8 lib/built-in.o
 .text.efi_uc_supported
                0x0000000060820204       0xc0 lib/built-in.o
 .text.disconnect_child
                0x00000000608202c4       0x70 lib/built-in.o
 .text.efi_uc_stop
                0x0000000060820334      0x14c lib/built-in.o
 .text.efi_driver_init
                0x0000000060820480      0x10c lib/built-in.o
                0x0000000060820480                efi_driver_init
 .text.efi_set_code_and_data_type
                0x000000006082058c       0x84 lib/built-in.o
 .text.efi_print_image_info
                0x0000000060820610       0xa0 lib/built-in.o
                0x0000000060820610                efi_print_image_info
 .text.efi_print_image_infos
                0x00000000608206b0       0x68 lib/built-in.o
                0x00000000608206b0                efi_print_image_infos
 .text.efi_load_pe
                0x0000000060820718      0x394 lib/built-in.o
                0x0000000060820718                efi_load_pe
 .text.efi_is_event
                0x0000000060820aac       0x40 lib/built-in.o
 .text.__efi_entry_check
                0x0000000060820aec       0x38 lib/built-in.o
                0x0000000060820aec                __efi_entry_check
 .text.__efi_exit_check
                0x0000000060820b24       0x2c lib/built-in.o
                0x0000000060820b24                __efi_exit_check
 .text.efi_queue_event
                0x0000000060820b50       0x60 lib/built-in.o
 .text.efi_set_mem
                0x0000000060820bb0       0x28 lib/built-in.o
 .text.efi_copy_mem
                0x0000000060820bd8       0x24 lib/built-in.o
 .text.efi_calculate_crc32
                0x0000000060820bfc       0x30 lib/built-in.o
 .text.efi_set_watchdog_timer
                0x0000000060820c2c       0x24 lib/built-in.o
 .text.efi_stall
                0x0000000060820c50       0x20 lib/built-in.o
 .text.efi_get_next_monotonic_count
                0x0000000060820c70       0x40 lib/built-in.o
 .text.efi_start_image
                0x0000000060820cb0       0xac lib/built-in.o
 .text.efi_register_protocol_notify
                0x0000000060820d5c       0x14 lib/built-in.o
 .text.efi_close_event
                0x0000000060820d70       0x50 lib/built-in.o
 .text.efi_free_pool_ext
                0x0000000060820dc0       0x24 lib/built-in.o
 .text.efi_allocate_pool_ext
                0x0000000060820de4       0x2c lib/built-in.o
 .text.efi_get_memory_map_ext
                0x0000000060820e10       0x40 lib/built-in.o
 .text.efi_free_pages_ext
                0x0000000060820e50       0x34 lib/built-in.o
 .text.efi_allocate_pages_ext
                0x0000000060820e84       0x34 lib/built-in.o
 .text.efi_raise_tpl
                0x0000000060820eb8       0x34 lib/built-in.o
 .text.efi_save_gd
                0x0000000060820eec       0x10 lib/built-in.o
                0x0000000060820eec                efi_save_gd
 .text.efi_restore_gd
                0x0000000060820efc       0x18 lib/built-in.o
                0x0000000060820efc                efi_restore_gd
 .text.efi_exit
                0x0000000060820f14       0x30 lib/built-in.o
 .text.is_valid_tpl
                0x0000000060820f44       0x2c lib/built-in.o
                0x0000000060820f44                is_valid_tpl
 .text.efi_signal_event
                0x0000000060820f70       0xf4 lib/built-in.o
                0x0000000060820f70                efi_signal_event
 .text.efi_exit_boot_services
                0x0000000060821064      0x120 lib/built-in.o
 .text.efi_signal_event_ext
                0x0000000060821184       0x40 lib/built-in.o
 .text.efi_add_handle
                0x00000000608211c4       0x38 lib/built-in.o
                0x00000000608211c4                efi_add_handle
 .text.efi_create_handle
                0x00000000608211fc       0x38 lib/built-in.o
                0x00000000608211fc                efi_create_handle
 .text.efi_create_event
                0x0000000060821234      0x100 lib/built-in.o
                0x0000000060821234                efi_create_event
 .text.efi_create_event_ex
                0x0000000060821334       0x48 lib/built-in.o
                0x0000000060821334                efi_create_event_ex
 .text.efi_create_event_ext
                0x000000006082137c       0x48 lib/built-in.o
 .text.efi_timer_check
                0x00000000608213c4       0xa8 lib/built-in.o
                0x00000000608213c4                efi_timer_check
 .text.efi_check_event
                0x000000006082146c       0x7c lib/built-in.o
 .text.efi_wait_for_event
                0x00000000608214e8       0xe8 lib/built-in.o
 .text.efi_restore_tpl
                0x00000000608215d0       0x30 lib/built-in.o
 .text.efi_set_timer
                0x0000000060821600       0xe0 lib/built-in.o
                0x0000000060821600                efi_set_timer